// Jest Snapshot v1, https://goo.gl/fbAQLP

exports[`ArticleItem renders correctly 1`] = `
<View
  accessible={true}
  isTVSelectable={true}
  onResponderGrant={[Function]}
  onResponderMove={[Function]}
  onResponderRelease={[Function]}
  onResponderTerminate={[Function]}
  onResponderTerminationRequest={[Function]}
  onStartShouldSetResponder={[Function]}
  style={
    Object {
      "opacity": 1,
    }
  }
>
  <View
    style={
      Object {
        "backgroundColor": "#fff",
        "borderBottomWidth": 0.5,
        "borderColor": "#ccc",
        "borderLeftWidth": 0.5,
        "borderRadius": 2,
        "borderRightWidth": 0.5,
        "borderTopWidth": 0.5,
        "elevation": 3,
        "flexWrap": "nowrap",
        "marginBottom": 5,
        "marginLeft": 2,
        "marginRight": 2,
        "marginTop": 5,
        "shadowColor": "#000",
        "shadowOffset": Object {
          "height": 2,
          "width": 0,
        },
        "shadowOpacity": 0.1,
        "shadowRadius": 1.5,
      }
    }
  >
    <View
      header={true}
      style={
        Object {
          "alignItems": "center",
          "backgroundColor": "#fff",
          "borderBottomWidth": null,
          "borderRadius": 2,
          "flexDirection": "row",
          "paddingBottom": 15,
          "paddingLeft": 15,
          "paddingRight": 15,
          "paddingTop": 15,
        }
      }
    >
      <Text
        style={
          Object {
            "color": "#000",
            "fontFamily": "System",
            "fontSize": 16,
            "fontWeight": "600",
          }
        }
        uppercase={false}
      >
        Article
      </Text>
    </View>
    <View
      style={
        Object {
          "alignItems": "center",
          "backgroundColor": "#fff",
          "borderRadius": 2,
          "flexDirection": "row",
          "paddingBottom": 10,
          "paddingLeft": 15,
          "paddingRight": 15,
          "paddingTop": 10,
        }
      }
    >
      <View
        style={
          Object {
            "alignItems": "flex-start",
            "alignSelf": "stretch",
            "flex": 1,
          }
        }
      >
        <View
          style={
            Object {
              "flex": 1,
              "flexDirection": "row",
            }
          }
        >
          <View
            size={3}
            style={
              Object {
                "flex": 3,
                "flexDirection": "column",
              }
            }
          >
            <Text
              style={
                Object {
                  "color": "#000",
                  "fontFamily": "System",
                  "fontSize": 16,
                }
              }
              uppercase={false}
            >
              MAKIN DAGIN ONTA DENGAN SAYUR KOL
            </Text>
          </View>
          <View
            size={1}
            style={
              Object {
                "flex": 1,
                "flexDirection": "column",
              }
            }
          >
            <Image
              source={
                Object {
                  "uri": "https://www.nytimes.com/https://images.unsplash.com/photo-1547564091-6c5a23ce7aba?ixlib=rb-1.2.1&ixid=eyJhcHBfaWQiOjEyMDd9&auto=format&fit=crop&w=1950&q=80",
                }
              }
              style={
                Object {
                  "height": 90,
                  "width": 90,
                }
              }
            />
          </View>
        </View>
      </View>
    </View>
    <View
      footer={true}
      style={
        Object {
          "alignItems": "center",
          "backgroundColor": "#fff",
          "borderBottomWidth": null,
          "borderRadius": 2,
          "flexDirection": "row",
          "paddingBottom": 10,
          "paddingLeft": 15,
          "paddingRight": 15,
          "paddingTop": 10,
        }
      }
    >
      <View
        style={
          Object {
            "flex": 1,
            "flexDirection": "column",
          }
        }
      >
        <View
          style={
            Object {
              "flex": 1,
              "flexDirection": "row",
            }
          }
        >
          <Text
            style={
              Object {
                "color": "#000",
                "fontFamily": "System",
                "fontSize": 16,
                "fontWeight": "600",
              }
            }
            uppercase={false}
          >
            Azis Abdul Bachar
          </Text>
        </View>
        <View
          style={
            Object {
              "flex": 1,
              "flexDirection": "row",
            }
          }
        >
          <Text
            style={
              Object {
                "color": "#000",
                "fontFamily": "System",
                "fontSize": 16,
                "fontWeight": "600",
              }
            }
            uppercase={false}
          >
            16 Januari 2019
          </Text>
        </View>
      </View>
    </View>
  </View>
</View>
`;
